../Core/Src/main.c:25:5:main	1352	static
../Core/Src/main.c:213:6:SystemClock_Config	88	static
../Core/Src/main.c:256:13:MX_ADC1_Init	24	static
../Core/Src/main.c:303:13:MX_I2C1_Init	8	static
../Core/Src/main.c:337:13:MX_USART1_UART_Init	8	static
../Core/Src/main.c:370:13:MX_USART2_UART_Init	8	static
../Core/Src/main.c:403:13:MX_USART3_UART_Init	8	static
../Core/Src/main.c:434:13:MX_DMA_Init	16	static
../Core/Src/main.c:455:13:MX_GPIO_Init	24	static
../Core/Src/main.c:477:6:Error_Handler	4	static,ignoring_inline_asm
